Archive member included to satisfy reference by file (symbol)

c:/st/stm32cubeide_1.4.0/stm32cubeide/plugins/com.st.stm32cube.ide.mcu.externaltools.gnu-tools-for-stm32.7-2018-q2-update.win32_1.4.0.202007081208/tools/bin/../lib/gcc/arm-none-eabi/7.3.1/../../../../arm-none-eabi/lib/thumb/v7-m\libc_nano.a(lib_a-errno.o)
                              Src/syscalls.o (__errno)
c:/st/stm32cubeide_1.4.0/stm32cubeide/plugins/com.st.stm32cube.ide.mcu.externaltools.gnu-tools-for-stm32.7-2018-q2-update.win32_1.4.0.202007081208/tools/bin/../lib/gcc/arm-none-eabi/7.3.1/../../../../arm-none-eabi/lib/thumb/v7-m\libc_nano.a(lib_a-exit.o)
                              c:/st/stm32cubeide_1.4.0/stm32cubeide/plugins/com.st.stm32cube.ide.mcu.externaltools.gnu-tools-for-stm32.7-2018-q2-update.win32_1.4.0.202007081208/tools/bin/../lib/gcc/arm-none-eabi/7.3.1/../../../../arm-none-eabi/lib/thumb/v7-m/crt0.o (exit)
c:/st/stm32cubeide_1.4.0/stm32cubeide/plugins/com.st.stm32cube.ide.mcu.externaltools.gnu-tools-for-stm32.7-2018-q2-update.win32_1.4.0.202007081208/tools/bin/../lib/gcc/arm-none-eabi/7.3.1/../../../../arm-none-eabi/lib/thumb/v7-m\libc_nano.a(lib_a-impure.o)
                              c:/st/stm32cubeide_1.4.0/stm32cubeide/plugins/com.st.stm32cube.ide.mcu.externaltools.gnu-tools-for-stm32.7-2018-q2-update.win32_1.4.0.202007081208/tools/bin/../lib/gcc/arm-none-eabi/7.3.1/../../../../arm-none-eabi/lib/thumb/v7-m\libc_nano.a(lib_a-exit.o) (_global_impure_ptr)
c:/st/stm32cubeide_1.4.0/stm32cubeide/plugins/com.st.stm32cube.ide.mcu.externaltools.gnu-tools-for-stm32.7-2018-q2-update.win32_1.4.0.202007081208/tools/bin/../lib/gcc/arm-none-eabi/7.3.1/../../../../arm-none-eabi/lib/thumb/v7-m\libc_nano.a(lib_a-init.o)
                              c:/st/stm32cubeide_1.4.0/stm32cubeide/plugins/com.st.stm32cube.ide.mcu.externaltools.gnu-tools-for-stm32.7-2018-q2-update.win32_1.4.0.202007081208/tools/bin/../lib/gcc/arm-none-eabi/7.3.1/../../../../arm-none-eabi/lib/thumb/v7-m/crt0.o (__libc_init_array)
c:/st/stm32cubeide_1.4.0/stm32cubeide/plugins/com.st.stm32cube.ide.mcu.externaltools.gnu-tools-for-stm32.7-2018-q2-update.win32_1.4.0.202007081208/tools/bin/../lib/gcc/arm-none-eabi/7.3.1/../../../../arm-none-eabi/lib/thumb/v7-m\libc_nano.a(lib_a-memset.o)
                              c:/st/stm32cubeide_1.4.0/stm32cubeide/plugins/com.st.stm32cube.ide.mcu.externaltools.gnu-tools-for-stm32.7-2018-q2-update.win32_1.4.0.202007081208/tools/bin/../lib/gcc/arm-none-eabi/7.3.1/../../../../arm-none-eabi/lib/thumb/v7-m/crt0.o (memset)

Allocating common symbols
Common symbol       size              file

PinCfg              0x4               Stm32f103c6_drivers/HAL/LCD.o

Discarded input sections

 .text          0x0000000000000000        0x0 c:/st/stm32cubeide_1.4.0/stm32cubeide/plugins/com.st.stm32cube.ide.mcu.externaltools.gnu-tools-for-stm32.7-2018-q2-update.win32_1.4.0.202007081208/tools/bin/../lib/gcc/arm-none-eabi/7.3.1/thumb/v7-m/crti.o
 .data          0x0000000000000000        0x0 c:/st/stm32cubeide_1.4.0/stm32cubeide/plugins/com.st.stm32cube.ide.mcu.externaltools.gnu-tools-for-stm32.7-2018-q2-update.win32_1.4.0.202007081208/tools/bin/../lib/gcc/arm-none-eabi/7.3.1/thumb/v7-m/crti.o
 .bss           0x0000000000000000        0x0 c:/st/stm32cubeide_1.4.0/stm32cubeide/plugins/com.st.stm32cube.ide.mcu.externaltools.gnu-tools-for-stm32.7-2018-q2-update.win32_1.4.0.202007081208/tools/bin/../lib/gcc/arm-none-eabi/7.3.1/thumb/v7-m/crti.o
 .data          0x0000000000000000        0x4 c:/st/stm32cubeide_1.4.0/stm32cubeide/plugins/com.st.stm32cube.ide.mcu.externaltools.gnu-tools-for-stm32.7-2018-q2-update.win32_1.4.0.202007081208/tools/bin/../lib/gcc/arm-none-eabi/7.3.1/thumb/v7-m/crtbegin.o
 .text          0x0000000000000000       0x74 c:/st/stm32cubeide_1.4.0/stm32cubeide/plugins/com.st.stm32cube.ide.mcu.externaltools.gnu-tools-for-stm32.7-2018-q2-update.win32_1.4.0.202007081208/tools/bin/../lib/gcc/arm-none-eabi/7.3.1/../../../../arm-none-eabi/lib/thumb/v7-m/crt0.o
 .data          0x0000000000000000        0x0 c:/st/stm32cubeide_1.4.0/stm32cubeide/plugins/com.st.stm32cube.ide.mcu.externaltools.gnu-tools-for-stm32.7-2018-q2-update.win32_1.4.0.202007081208/tools/bin/../lib/gcc/arm-none-eabi/7.3.1/../../../../arm-none-eabi/lib/thumb/v7-m/crt0.o
 .bss           0x0000000000000000        0x0 c:/st/stm32cubeide_1.4.0/stm32cubeide/plugins/com.st.stm32cube.ide.mcu.externaltools.gnu-tools-for-stm32.7-2018-q2-update.win32_1.4.0.202007081208/tools/bin/../lib/gcc/arm-none-eabi/7.3.1/../../../../arm-none-eabi/lib/thumb/v7-m/crt0.o
 .ARM.extab     0x0000000000000000        0x0 c:/st/stm32cubeide_1.4.0/stm32cubeide/plugins/com.st.stm32cube.ide.mcu.externaltools.gnu-tools-for-stm32.7-2018-q2-update.win32_1.4.0.202007081208/tools/bin/../lib/gcc/arm-none-eabi/7.3.1/../../../../arm-none-eabi/lib/thumb/v7-m/crt0.o
 .ARM.exidx     0x0000000000000000        0x8 c:/st/stm32cubeide_1.4.0/stm32cubeide/plugins/com.st.stm32cube.ide.mcu.externaltools.gnu-tools-for-stm32.7-2018-q2-update.win32_1.4.0.202007081208/tools/bin/../lib/gcc/arm-none-eabi/7.3.1/../../../../arm-none-eabi/lib/thumb/v7-m/crt0.o
 .ARM.attributes
                0x0000000000000000       0x1b c:/st/stm32cubeide_1.4.0/stm32cubeide/plugins/com.st.stm32cube.ide.mcu.externaltools.gnu-tools-for-stm32.7-2018-q2-update.win32_1.4.0.202007081208/tools/bin/../lib/gcc/arm-none-eabi/7.3.1/../../../../arm-none-eabi/lib/thumb/v7-m/crt0.o
 .group         0x0000000000000000        0xc Src/main.o
 .group         0x0000000000000000        0xc Src/main.o
 .group         0x0000000000000000        0xc Src/main.o
 .group         0x0000000000000000        0xc Src/main.o
 .group         0x0000000000000000        0xc Src/main.o
 .group         0x0000000000000000        0xc Src/main.o
 .group         0x0000000000000000        0xc Src/main.o
 .group         0x0000000000000000        0xc Src/main.o
 .group         0x0000000000000000        0xc Src/main.o
 .group         0x0000000000000000        0xc Src/main.o
 .group         0x0000000000000000        0xc Src/main.o
 .group         0x0000000000000000        0xc Src/main.o
 .group         0x0000000000000000        0xc Src/main.o
 .group         0x0000000000000000        0xc Src/main.o
 .group         0x0000000000000000        0xc Src/main.o
 .group         0x0000000000000000        0xc Src/main.o
 .group         0x0000000000000000        0xc Src/main.o
 .group         0x0000000000000000        0xc Src/main.o
 .group         0x0000000000000000        0xc Src/main.o
 .group         0x0000000000000000        0xc Src/main.o
 .group         0x0000000000000000        0xc Src/main.o
 .group         0x0000000000000000        0xc Src/main.o
 .group         0x0000000000000000        0xc Src/main.o
 .group         0x0000000000000000        0xc Src/main.o
 .group         0x0000000000000000        0xc Src/main.o
 .group         0x0000000000000000        0xc Src/main.o
 .text          0x0000000000000000        0x0 Src/main.o
 .data          0x0000000000000000        0x0 Src/main.o
 .bss           0x0000000000000000        0x0 Src/main.o
 .group         0x0000000000000000        0xc Src/syscalls.o
 .group         0x0000000000000000        0xc Src/syscalls.o
 .group         0x0000000000000000        0xc Src/syscalls.o
 .group         0x0000000000000000        0xc Src/syscalls.o
 .group         0x0000000000000000        0xc Src/syscalls.o
 .group         0x0000000000000000        0xc Src/syscalls.o
 .group         0x0000000000000000        0xc Src/syscalls.o
 .group         0x0000000000000000        0xc Src/syscalls.o
 .group         0x0000000000000000        0xc Src/syscalls.o
 .group         0x0000000000000000        0xc Src/syscalls.o
 .group         0x0000000000000000        0xc Src/syscalls.o
 .group         0x0000000000000000        0xc Src/syscalls.o
 .group         0x0000000000000000        0xc Src/syscalls.o
 .group         0x0000000000000000        0xc Src/syscalls.o
 .group         0x0000000000000000        0xc Src/syscalls.o
 .group         0x0000000000000000        0xc Src/syscalls.o
 .group         0x0000000000000000        0xc Src/syscalls.o
 .group         0x0000000000000000        0xc Src/syscalls.o
 .group         0x0000000000000000        0xc Src/syscalls.o
 .group         0x0000000000000000        0xc Src/syscalls.o
 .group         0x0000000000000000        0xc Src/syscalls.o
 .group         0x0000000000000000        0xc Src/syscalls.o
 .group         0x0000000000000000        0xc Src/syscalls.o
 .group         0x0000000000000000        0xc Src/syscalls.o
 .group         0x0000000000000000        0xc Src/syscalls.o
 .group         0x0000000000000000        0xc Src/syscalls.o
 .group         0x0000000000000000        0xc Src/syscalls.o
 .group         0x0000000000000000        0xc Src/syscalls.o
 .group         0x0000000000000000        0xc Src/syscalls.o
 .group         0x0000000000000000        0xc Src/syscalls.o
 .group         0x0000000000000000        0xc Src/syscalls.o
 .group         0x0000000000000000        0xc Src/syscalls.o
 .group         0x0000000000000000        0xc Src/syscalls.o
 .group         0x0000000000000000        0xc Src/syscalls.o
 .group         0x0000000000000000        0xc Src/syscalls.o
 .group         0x0000000000000000        0xc Src/syscalls.o
 .group         0x0000000000000000        0xc Src/syscalls.o
 .group         0x0000000000000000        0xc Src/syscalls.o
 .group         0x0000000000000000        0xc Src/syscalls.o
 .group         0x0000000000000000        0xc Src/syscalls.o
 .group         0x0000000000000000        0xc Src/syscalls.o
 .group         0x0000000000000000        0xc Src/syscalls.o
 .group         0x0000000000000000        0xc Src/syscalls.o
 .group         0x0000000000000000        0xc Src/syscalls.o
 .text          0x0000000000000000        0x0 Src/syscalls.o
 .data          0x0000000000000000        0x0 Src/syscalls.o
 .bss           0x0000000000000000        0x0 Src/syscalls.o
 .bss.__env     0x0000000000000000        0x4 Src/syscalls.o
 .data.environ  0x0000000000000000        0x4 Src/syscalls.o
 .text.initialise_monitor_handles
                0x0000000000000000        0xc Src/syscalls.o
 .text._getpid  0x0000000000000000        0xe Src/syscalls.o
 .text._kill    0x0000000000000000       0x20 Src/syscalls.o
 .text._exit    0x0000000000000000       0x14 Src/syscalls.o
 .text._read    0x0000000000000000       0x3a Src/syscalls.o
 .text._write   0x0000000000000000       0x38 Src/syscalls.o
 .text._close   0x0000000000000000       0x16 Src/syscalls.o
 .text._fstat   0x0000000000000000       0x1e Src/syscalls.o
 .text._isatty  0x0000000000000000       0x14 Src/syscalls.o
 .text._lseek   0x0000000000000000       0x18 Src/syscalls.o
 .text._open    0x0000000000000000       0x1a Src/syscalls.o
 .text._wait    0x0000000000000000       0x1e Src/syscalls.o
 .text._unlink  0x0000000000000000       0x1e Src/syscalls.o
 .text._times   0x0000000000000000       0x16 Src/syscalls.o
 .text._stat    0x0000000000000000       0x1e Src/syscalls.o
 .text._link    0x0000000000000000       0x20 Src/syscalls.o
 .text._fork    0x0000000000000000       0x16 Src/syscalls.o
 .text._execve  0x0000000000000000       0x22 Src/syscalls.o
 .debug_info    0x0000000000000000     0x1038 Src/syscalls.o
 .debug_abbrev  0x0000000000000000      0x254 Src/syscalls.o
 .debug_loc     0x0000000000000000      0x5b8 Src/syscalls.o
 .debug_aranges
                0x0000000000000000       0xa8 Src/syscalls.o
 .debug_ranges  0x0000000000000000       0x98 Src/syscalls.o
 .debug_macro   0x0000000000000000      0x243 Src/syscalls.o
 .debug_macro   0x0000000000000000      0xa60 Src/syscalls.o
 .debug_macro   0x0000000000000000       0x22 Src/syscalls.o
 .debug_macro   0x0000000000000000       0x40 Src/syscalls.o
 .debug_macro   0x0000000000000000       0x18 Src/syscalls.o
 .debug_macro   0x0000000000000000       0x94 Src/syscalls.o
 .debug_macro   0x0000000000000000       0x3c Src/syscalls.o
 .debug_macro   0x0000000000000000       0x34 Src/syscalls.o
 .debug_macro   0x0000000000000000       0x57 Src/syscalls.o
 .debug_macro   0x0000000000000000      0x174 Src/syscalls.o
 .debug_macro   0x0000000000000000      0x330 Src/syscalls.o
 .debug_macro   0x0000000000000000       0x52 Src/syscalls.o
 .debug_macro   0x0000000000000000       0x1f Src/syscalls.o
 .debug_macro   0x0000000000000000       0x43 Src/syscalls.o
 .debug_macro   0x0000000000000000       0x20 Src/syscalls.o
 .debug_macro   0x0000000000000000      0x1a3 Src/syscalls.o
 .debug_macro   0x0000000000000000       0x10 Src/syscalls.o
 .debug_macro   0x0000000000000000       0x35 Src/syscalls.o
 .debug_macro   0x0000000000000000       0x10 Src/syscalls.o
 .debug_macro   0x0000000000000000       0x10 Src/syscalls.o
 .debug_macro   0x0000000000000000       0x10 Src/syscalls.o
 .debug_macro   0x0000000000000000       0x6a Src/syscalls.o
 .debug_macro   0x0000000000000000       0x1c Src/syscalls.o
 .debug_macro   0x0000000000000000       0x52 Src/syscalls.o
 .debug_macro   0x0000000000000000       0x40 Src/syscalls.o
 .debug_macro   0x0000000000000000       0x10 Src/syscalls.o
 .debug_macro   0x0000000000000000       0x40 Src/syscalls.o
 .debug_macro   0x0000000000000000       0xd7 Src/syscalls.o
 .debug_macro   0x0000000000000000       0x1c Src/syscalls.o
 .debug_macro   0x0000000000000000       0x3d Src/syscalls.o
 .debug_macro   0x0000000000000000       0x35 Src/syscalls.o
 .debug_macro   0x0000000000000000      0x122 Src/syscalls.o
 .debug_macro   0x0000000000000000       0x16 Src/syscalls.o
 .debug_macro   0x0000000000000000       0x16 Src/syscalls.o
 .debug_macro   0x0000000000000000       0x29 Src/syscalls.o
 .debug_macro   0x0000000000000000       0x10 Src/syscalls.o
 .debug_macro   0x0000000000000000      0x241 Src/syscalls.o
 .debug_macro   0x0000000000000000       0x1c Src/syscalls.o
 .debug_macro   0x0000000000000000       0x10 Src/syscalls.o
 .debug_macro   0x0000000000000000       0x10 Src/syscalls.o
 .debug_macro   0x0000000000000000       0x16 Src/syscalls.o
 .debug_macro   0x0000000000000000      0x145 Src/syscalls.o
 .debug_macro   0x0000000000000000      0x189 Src/syscalls.o
 .debug_macro   0x0000000000000000       0x16 Src/syscalls.o
 .debug_macro   0x0000000000000000       0x88 Src/syscalls.o
 .debug_line    0x0000000000000000      0x739 Src/syscalls.o
 .debug_str     0x0000000000000000     0x88a6 Src/syscalls.o
 .comment       0x0000000000000000       0x7c Src/syscalls.o
 .debug_frame   0x0000000000000000      0x2ac Src/syscalls.o
 .ARM.attributes
                0x0000000000000000       0x33 Src/syscalls.o
 .group         0x0000000000000000        0xc Src/sysmem.o
 .group         0x0000000000000000        0xc Src/sysmem.o
 .group         0x0000000000000000        0xc Src/sysmem.o
 .group         0x0000000000000000        0xc Src/sysmem.o
 .group         0x0000000000000000        0xc Src/sysmem.o
 .group         0x0000000000000000        0xc Src/sysmem.o
 .group         0x0000000000000000        0xc Src/sysmem.o
 .group         0x0000000000000000        0xc Src/sysmem.o
 .group         0x0000000000000000        0xc Src/sysmem.o
 .group         0x0000000000000000        0xc Src/sysmem.o
 .group         0x0000000000000000        0xc Src/sysmem.o
 .group         0x0000000000000000        0xc Src/sysmem.o
 .group         0x0000000000000000        0xc Src/sysmem.o
 .group         0x0000000000000000        0xc Src/sysmem.o
 .group         0x0000000000000000        0xc Src/sysmem.o
 .group         0x0000000000000000        0xc Src/sysmem.o
 .group         0x0000000000000000        0xc Src/sysmem.o
 .group         0x0000000000000000        0xc Src/sysmem.o
 .group         0x0000000000000000        0xc Src/sysmem.o
 .text          0x0000000000000000        0x0 Src/sysmem.o
 .data          0x0000000000000000        0x0 Src/sysmem.o
 .bss           0x0000000000000000        0x0 Src/sysmem.o
 .bss.__sbrk_heap_end
                0x0000000000000000        0x4 Src/sysmem.o
 .text._sbrk    0x0000000000000000       0x6c Src/sysmem.o
 .debug_info    0x0000000000000000      0xa7c Src/sysmem.o
 .debug_abbrev  0x0000000000000000      0x18e Src/sysmem.o
 .debug_loc     0x0000000000000000       0x50 Src/sysmem.o
 .debug_aranges
                0x0000000000000000       0x20 Src/sysmem.o
 .debug_ranges  0x0000000000000000       0x10 Src/sysmem.o
 .debug_macro   0x0000000000000000       0xee Src/sysmem.o
 .debug_macro   0x0000000000000000      0xa60 Src/sysmem.o
 .debug_macro   0x0000000000000000       0x10 Src/sysmem.o
 .debug_macro   0x0000000000000000       0x22 Src/sysmem.o
 .debug_macro   0x0000000000000000       0x40 Src/sysmem.o
 .debug_macro   0x0000000000000000       0x18 Src/sysmem.o
 .debug_macro   0x0000000000000000       0x94 Src/sysmem.o
 .debug_macro   0x0000000000000000       0x3c Src/sysmem.o
 .debug_macro   0x0000000000000000       0x34 Src/sysmem.o
 .debug_macro   0x0000000000000000      0x174 Src/sysmem.o
 .debug_macro   0x0000000000000000       0x57 Src/sysmem.o
 .debug_macro   0x0000000000000000       0x52 Src/sysmem.o
 .debug_macro   0x0000000000000000       0x1f Src/sysmem.o
 .debug_macro   0x0000000000000000       0x43 Src/sysmem.o
 .debug_macro   0x0000000000000000       0x20 Src/sysmem.o
 .debug_macro   0x0000000000000000      0x1a3 Src/sysmem.o
 .debug_macro   0x0000000000000000      0x23b Src/sysmem.o
 .debug_macro   0x0000000000000000       0xef Src/sysmem.o
 .debug_macro   0x0000000000000000       0x6a Src/sysmem.o
 .debug_macro   0x0000000000000000      0x1df Src/sysmem.o
 .debug_line    0x0000000000000000      0x4c2 Src/sysmem.o
 .debug_str     0x0000000000000000     0x5f74 Src/sysmem.o
 .comment       0x0000000000000000       0x7c Src/sysmem.o
 .debug_frame   0x0000000000000000       0x34 Src/sysmem.o
 .ARM.attributes
                0x0000000000000000       0x33 Src/sysmem.o
 .text          0x0000000000000000       0x14 Startup/startup_stm32f103c6tx.o
 .data          0x0000000000000000        0x0 Startup/startup_stm32f103c6tx.o
 .bss           0x0000000000000000        0x0 Startup/startup_stm32f103c6tx.o
 .group         0x0000000000000000        0xc Stm32f103c6_drivers/HAL/KPD.o
 .group         0x0000000000000000        0xc Stm32f103c6_drivers/HAL/KPD.o
 .group         0x0000000000000000        0xc Stm32f103c6_drivers/HAL/KPD.o
 .group         0x0000000000000000        0xc Stm32f103c6_drivers/HAL/KPD.o
 .group         0x0000000000000000        0xc Stm32f103c6_drivers/HAL/KPD.o
 .group         0x0000000000000000        0xc Stm32f103c6_drivers/HAL/KPD.o
 .group         0x0000000000000000        0xc Stm32f103c6_drivers/HAL/KPD.o
 .group         0x0000000000000000        0xc Stm32f103c6_drivers/HAL/KPD.o
 .group         0x0000000000000000        0xc Stm32f103c6_drivers/HAL/KPD.o
 .group         0x0000000000000000        0xc Stm32f103c6_drivers/HAL/KPD.o
 .group         0x0000000000000000        0xc Stm32f103c6_drivers/HAL/KPD.o
 .group         0x0000000000000000        0xc Stm32f103c6_drivers/HAL/KPD.o
 .group         0x0000000000000000        0xc Stm32f103c6_drivers/HAL/KPD.o
 .group         0x0000000000000000        0xc Stm32f103c6_drivers/HAL/KPD.o
 .group         0x0000000000000000        0xc Stm32f103c6_drivers/HAL/KPD.o
 .group         0x0000000000000000        0xc Stm32f103c6_drivers/HAL/KPD.o
 .group         0x0000000000000000        0xc Stm32f103c6_drivers/HAL/KPD.o
 .group         0x0000000000000000        0xc Stm32f103c6_drivers/HAL/KPD.o
 .group         0x0000000000000000        0xc Stm32f103c6_drivers/HAL/KPD.o
 .group         0x0000000000000000        0xc Stm32f103c6_drivers/HAL/KPD.o
 .group         0x0000000000000000        0xc Stm32f103c6_drivers/HAL/KPD.o
 .group         0x0000000000000000        0xc Stm32f103c6_drivers/HAL/KPD.o
 .group         0x0000000000000000        0xc Stm32f103c6_drivers/HAL/KPD.o
 .group         0x0000000000000000        0xc Stm32f103c6_drivers/HAL/KPD.o
 .group         0x0000000000000000        0xc Stm32f103c6_drivers/HAL/KPD.o
 .text          0x0000000000000000        0x0 Stm32f103c6_drivers/HAL/KPD.o
 .data          0x0000000000000000        0x0 Stm32f103c6_drivers/HAL/KPD.o
 .bss           0x0000000000000000        0x0 Stm32f103c6_drivers/HAL/KPD.o
 .debug_macro   0x0000000000000000      0xa60 Stm32f103c6_drivers/HAL/KPD.o
 .debug_macro   0x0000000000000000       0x18 Stm32f103c6_drivers/HAL/KPD.o
 .debug_macro   0x0000000000000000       0x22 Stm32f103c6_drivers/HAL/KPD.o
 .debug_macro   0x0000000000000000       0x40 Stm32f103c6_drivers/HAL/KPD.o
 .debug_macro   0x0000000000000000       0x94 Stm32f103c6_drivers/HAL/KPD.o
 .debug_macro   0x0000000000000000       0x3c Stm32f103c6_drivers/HAL/KPD.o
 .debug_macro   0x0000000000000000       0x34 Stm32f103c6_drivers/HAL/KPD.o
 .debug_macro   0x0000000000000000       0x16 Stm32f103c6_drivers/HAL/KPD.o
 .debug_macro   0x0000000000000000      0x10e Stm32f103c6_drivers/HAL/KPD.o
 .debug_macro   0x0000000000000000       0x8d Stm32f103c6_drivers/HAL/KPD.o
 .debug_macro   0x0000000000000000       0x57 Stm32f103c6_drivers/HAL/KPD.o
 .debug_macro   0x0000000000000000       0x52 Stm32f103c6_drivers/HAL/KPD.o
 .debug_macro   0x0000000000000000       0x1f Stm32f103c6_drivers/HAL/KPD.o
 .debug_macro   0x0000000000000000       0x43 Stm32f103c6_drivers/HAL/KPD.o
 .debug_macro   0x0000000000000000       0x20 Stm32f103c6_drivers/HAL/KPD.o
 .debug_macro   0x0000000000000000      0x1a3 Stm32f103c6_drivers/HAL/KPD.o
 .debug_macro   0x0000000000000000      0x330 Stm32f103c6_drivers/HAL/KPD.o
 .debug_macro   0x0000000000000000       0x16 Stm32f103c6_drivers/HAL/KPD.o
 .debug_macro   0x0000000000000000       0x29 Stm32f103c6_drivers/HAL/KPD.o
 .debug_macro   0x0000000000000000       0xef Stm32f103c6_drivers/HAL/KPD.o
 .debug_macro   0x0000000000000000       0x6a Stm32f103c6_drivers/HAL/KPD.o
 .debug_macro   0x0000000000000000      0x1df Stm32f103c6_drivers/HAL/KPD.o
 .debug_macro   0x0000000000000000       0xcd Stm32f103c6_drivers/HAL/KPD.o
 .debug_macro   0x0000000000000000       0xd0 Stm32f103c6_drivers/HAL/KPD.o
 .group         0x0000000000000000        0xc Stm32f103c6_drivers/HAL/LCD.o
 .group         0x0000000000000000        0xc Stm32f103c6_drivers/HAL/LCD.o
 .group         0x0000000000000000        0xc Stm32f103c6_drivers/HAL/LCD.o
 .group         0x0000000000000000        0xc Stm32f103c6_drivers/HAL/LCD.o
 .group         0x0000000000000000        0xc Stm32f103c6_drivers/HAL/LCD.o
 .group         0x0000000000000000        0xc Stm32f103c6_drivers/HAL/LCD.o
 .group         0x0000000000000000        0xc Stm32f103c6_drivers/HAL/LCD.o
 .group         0x0000000000000000        0xc Stm32f103c6_drivers/HAL/LCD.o
 .group         0x0000000000000000        0xc Stm32f103c6_drivers/HAL/LCD.o
 .group         0x0000000000000000        0xc Stm32f103c6_drivers/HAL/LCD.o
 .group         0x0000000000000000        0xc Stm32f103c6_drivers/HAL/LCD.o
 .group         0x0000000000000000        0xc Stm32f103c6_drivers/HAL/LCD.o
 .group         0x0000000000000000        0xc Stm32f103c6_drivers/HAL/LCD.o
 .group         0x0000000000000000        0xc Stm32f103c6_drivers/HAL/LCD.o
 .group         0x0000000000000000        0xc Stm32f103c6_drivers/HAL/LCD.o
 .group         0x0000000000000000        0xc Stm32f103c6_drivers/HAL/LCD.o
 .group         0x0000000000000000        0xc Stm32f103c6_drivers/HAL/LCD.o
 .group         0x0000000000000000        0xc Stm32f103c6_drivers/HAL/LCD.o
 .group         0x0000000000000000        0xc Stm32f103c6_drivers/HAL/LCD.o
 .group         0x0000000000000000        0xc Stm32f103c6_drivers/HAL/LCD.o
 .group         0x0000000000000000        0xc Stm32f103c6_drivers/HAL/LCD.o
 .group         0x0000000000000000        0xc Stm32f103c6_drivers/HAL/LCD.o
 .group         0x0000000000000000        0xc Stm32f103c6_drivers/HAL/LCD.o
 .group         0x0000000000000000        0xc Stm32f103c6_drivers/HAL/LCD.o
 .group         0x0000000000000000        0xc Stm32f103c6_drivers/HAL/LCD.o
 .text          0x0000000000000000        0x0 Stm32f103c6_drivers/HAL/LCD.o
 .data          0x0000000000000000        0x0 Stm32f103c6_drivers/HAL/LCD.o
 .bss           0x0000000000000000        0x0 Stm32f103c6_drivers/HAL/LCD.o
 .text.LCD_voidGoTo
                0x0000000000000000       0x54 Stm32f103c6_drivers/HAL/LCD.o
 .text.LCD_ClrLCD
                0x0000000000000000       0x14 Stm32f103c6_drivers/HAL/LCD.o
 .text.LCD_voidWriteStrig
                0x0000000000000000       0x36 Stm32f103c6_drivers/HAL/LCD.o
 .text.LCD_voidWriteNum
                0x0000000000000000       0xb4 Stm32f103c6_drivers/HAL/LCD.o
 .text.LCD_voidSaveCustomChar
                0x0000000000000000       0x4a Stm32f103c6_drivers/HAL/LCD.o
 .text.LCD_voidWriteCustomChar
                0x0000000000000000       0x20 Stm32f103c6_drivers/HAL/LCD.o
 .debug_macro   0x0000000000000000      0xa60 Stm32f103c6_drivers/HAL/LCD.o
 .debug_macro   0x0000000000000000       0x18 Stm32f103c6_drivers/HAL/LCD.o
 .debug_macro   0x0000000000000000       0x22 Stm32f103c6_drivers/HAL/LCD.o
 .debug_macro   0x0000000000000000       0x40 Stm32f103c6_drivers/HAL/LCD.o
 .debug_macro   0x0000000000000000       0x94 Stm32f103c6_drivers/HAL/LCD.o
 .debug_macro   0x0000000000000000       0x3c Stm32f103c6_drivers/HAL/LCD.o
 .debug_macro   0x0000000000000000       0x34 Stm32f103c6_drivers/HAL/LCD.o
 .debug_macro   0x0000000000000000       0x16 Stm32f103c6_drivers/HAL/LCD.o
 .debug_macro   0x0000000000000000      0x10e Stm32f103c6_drivers/HAL/LCD.o
 .debug_macro   0x0000000000000000       0x8d Stm32f103c6_drivers/HAL/LCD.o
 .debug_macro   0x0000000000000000       0x57 Stm32f103c6_drivers/HAL/LCD.o
 .debug_macro   0x0000000000000000       0x52 Stm32f103c6_drivers/HAL/LCD.o
 .debug_macro   0x0000000000000000       0x1f Stm32f103c6_drivers/HAL/LCD.o
 .debug_macro   0x0000000000000000       0x43 Stm32f103c6_drivers/HAL/LCD.o
 .debug_macro   0x0000000000000000       0x20 Stm32f103c6_drivers/HAL/LCD.o
 .debug_macro   0x0000000000000000      0x1a3 Stm32f103c6_drivers/HAL/LCD.o
 .debug_macro   0x0000000000000000      0x330 Stm32f103c6_drivers/HAL/LCD.o
 .debug_macro   0x0000000000000000       0x16 Stm32f103c6_drivers/HAL/LCD.o
 .debug_macro   0x0000000000000000       0x29 Stm32f103c6_drivers/HAL/LCD.o
 .debug_macro   0x0000000000000000       0xef Stm32f103c6_drivers/HAL/LCD.o
 .debug_macro   0x0000000000000000       0x6a Stm32f103c6_drivers/HAL/LCD.o
 .debug_macro   0x0000000000000000      0x1df Stm32f103c6_drivers/HAL/LCD.o
 .debug_macro   0x0000000000000000       0xcd Stm32f103c6_drivers/HAL/LCD.o
 .debug_macro   0x0000000000000000       0xd0 Stm32f103c6_drivers/HAL/LCD.o
 .debug_macro   0x0000000000000000       0xdc Stm32f103c6_drivers/HAL/LCD.o
 .group         0x0000000000000000        0xc Stm32f103c6_drivers/MCAL/GPIO.o
 .group         0x0000000000000000        0xc Stm32f103c6_drivers/MCAL/GPIO.o
 .group         0x0000000000000000        0xc Stm32f103c6_drivers/MCAL/GPIO.o
 .group         0x0000000000000000        0xc Stm32f103c6_drivers/MCAL/GPIO.o
 .group         0x0000000000000000        0xc Stm32f103c6_drivers/MCAL/GPIO.o
 .group         0x0000000000000000        0xc Stm32f103c6_drivers/MCAL/GPIO.o
 .group         0x0000000000000000        0xc Stm32f103c6_drivers/MCAL/GPIO.o
 .group         0x0000000000000000        0xc Stm32f103c6_drivers/MCAL/GPIO.o
 .group         0x0000000000000000        0xc Stm32f103c6_drivers/MCAL/GPIO.o
 .group         0x0000000000000000        0xc Stm32f103c6_drivers/MCAL/GPIO.o
 .group         0x0000000000000000        0xc Stm32f103c6_drivers/MCAL/GPIO.o
 .group         0x0000000000000000        0xc Stm32f103c6_drivers/MCAL/GPIO.o
 .group         0x0000000000000000        0xc Stm32f103c6_drivers/MCAL/GPIO.o
 .group         0x0000000000000000        0xc Stm32f103c6_drivers/MCAL/GPIO.o
 .group         0x0000000000000000        0xc Stm32f103c6_drivers/MCAL/GPIO.o
 .group         0x0000000000000000        0xc Stm32f103c6_drivers/MCAL/GPIO.o
 .group         0x0000000000000000        0xc Stm32f103c6_drivers/MCAL/GPIO.o
 .group         0x0000000000000000        0xc Stm32f103c6_drivers/MCAL/GPIO.o
 .group         0x0000000000000000        0xc Stm32f103c6_drivers/MCAL/GPIO.o
 .group         0x0000000000000000        0xc Stm32f103c6_drivers/MCAL/GPIO.o
 .group         0x0000000000000000        0xc Stm32f103c6_drivers/MCAL/GPIO.o
 .group         0x0000000000000000        0xc Stm32f103c6_drivers/MCAL/GPIO.o
 .group         0x0000000000000000        0xc Stm32f103c6_drivers/MCAL/GPIO.o
 .group         0x0000000000000000        0xc Stm32f103c6_drivers/MCAL/GPIO.o
 .group         0x0000000000000000        0xc Stm32f103c6_drivers/MCAL/GPIO.o
 .text          0x0000000000000000        0x0 Stm32f103c6_drivers/MCAL/GPIO.o
 .data          0x0000000000000000        0x0 Stm32f103c6_drivers/MCAL/GPIO.o
 .bss           0x0000000000000000        0x0 Stm32f103c6_drivers/MCAL/GPIO.o
 .text.MCAL_GPIO_DeInit
                0x0000000000000000       0xac Stm32f103c6_drivers/MCAL/GPIO.o
 .text.MCAL_GPIO_ReadPort
                0x0000000000000000       0x1a Stm32f103c6_drivers/MCAL/GPIO.o
 .text.MCAL_GPIO_WritePort
                0x0000000000000000       0x1c Stm32f103c6_drivers/MCAL/GPIO.o
 .text.MCAL_GPIO_write_high_nibble
                0x0000000000000000       0x34 Stm32f103c6_drivers/MCAL/GPIO.o
 .text.MCAL_GPIO_TogglePin
                0x0000000000000000       0x22 Stm32f103c6_drivers/MCAL/GPIO.o
 .text.MCAL_GPIO_LockPin
                0x0000000000000000       0x4e Stm32f103c6_drivers/MCAL/GPIO.o
 .debug_macro   0x0000000000000000      0xa60 Stm32f103c6_drivers/MCAL/GPIO.o
 .debug_macro   0x0000000000000000       0x18 Stm32f103c6_drivers/MCAL/GPIO.o
 .debug_macro   0x0000000000000000       0x22 Stm32f103c6_drivers/MCAL/GPIO.o
 .debug_macro   0x0000000000000000       0x40 Stm32f103c6_drivers/MCAL/GPIO.o
 .debug_macro   0x0000000000000000       0x94 Stm32f103c6_drivers/MCAL/GPIO.o
 .debug_macro   0x0000000000000000       0x3c Stm32f103c6_drivers/MCAL/GPIO.o
 .debug_macro   0x0000000000000000       0x34 Stm32f103c6_drivers/MCAL/GPIO.o
 .debug_macro   0x0000000000000000       0x16 Stm32f103c6_drivers/MCAL/GPIO.o
 .debug_macro   0x0000000000000000      0x10e Stm32f103c6_drivers/MCAL/GPIO.o
 .debug_macro   0x0000000000000000       0x8d Stm32f103c6_drivers/MCAL/GPIO.o
 .debug_macro   0x0000000000000000       0x57 Stm32f103c6_drivers/MCAL/GPIO.o
 .debug_macro   0x0000000000000000       0x52 Stm32f103c6_drivers/MCAL/GPIO.o
 .debug_macro   0x0000000000000000       0x1f Stm32f103c6_drivers/MCAL/GPIO.o
 .debug_macro   0x0000000000000000       0x43 Stm32f103c6_drivers/MCAL/GPIO.o
 .debug_macro   0x0000000000000000       0x20 Stm32f103c6_drivers/MCAL/GPIO.o
 .debug_macro   0x0000000000000000      0x1a3 Stm32f103c6_drivers/MCAL/GPIO.o
 .debug_macro   0x0000000000000000      0x330 Stm32f103c6_drivers/MCAL/GPIO.o
 .debug_macro   0x0000000000000000       0x16 Stm32f103c6_drivers/MCAL/GPIO.o
 .debug_macro   0x0000000000000000       0x29 Stm32f103c6_drivers/MCAL/GPIO.o
 .debug_macro   0x0000000000000000       0xef Stm32f103c6_drivers/MCAL/GPIO.o
 .debug_macro   0x0000000000000000       0x6a Stm32f103c6_drivers/MCAL/GPIO.o
 .debug_macro   0x0000000000000000      0x1df Stm32f103c6_drivers/MCAL/GPIO.o
 .debug_macro   0x0000000000000000       0xcd Stm32f103c6_drivers/MCAL/GPIO.o
 .debug_macro   0x0000000000000000       0xd0 Stm32f103c6_drivers/MCAL/GPIO.o
 .text          0x0000000000000000        0x0 c:/st/stm32cubeide_1.4.0/stm32cubeide/plugins/com.st.stm32cube.ide.mcu.externaltools.gnu-tools-for-stm32.7-2018-q2-update.win32_1.4.0.202007081208/tools/bin/../lib/gcc/arm-none-eabi/7.3.1/../../../../arm-none-eabi/lib/thumb/v7-m\libc_nano.a(lib_a-errno.o)
 .data          0x0000000000000000        0x0 c:/st/stm32cubeide_1.4.0/stm32cubeide/plugins/com.st.stm32cube.ide.mcu.externaltools.gnu-tools-for-stm32.7-2018-q2-update.win32_1.4.0.202007081208/tools/bin/../lib/gcc/arm-none-eabi/7.3.1/../../../../arm-none-eabi/lib/thumb/v7-m\libc_nano.a(lib_a-errno.o)
 .bss           0x0000000000000000        0x0 c:/st/stm32cubeide_1.4.0/stm32cubeide/plugins/com.st.stm32cube.ide.mcu.externaltools.gnu-tools-for-stm32.7-2018-q2-update.win32_1.4.0.202007081208/tools/bin/../lib/gcc/arm-none-eabi/7.3.1/../../../../arm-none-eabi/lib/thumb/v7-m\libc_nano.a(lib_a-errno.o)
 .text.__errno  0x0000000000000000        0xc c:/st/stm32cubeide_1.4.0/stm32cubeide/plugins/com.st.stm32cube.ide.mcu.externaltools.gnu-tools-for-stm32.7-2018-q2-update.win32_1.4.0.202007081208/tools/bin/../lib/gcc/arm-none-eabi/7.3.1/../../../../arm-none-eabi/lib/thumb/v7-m\libc_nano.a(lib_a-errno.o)
 .debug_frame   0x0000000000000000       0x20 c:/st/stm32cubeide_1.4.0/stm32cubeide/plugins/com.st.stm32cube.ide.mcu.externaltools.gnu-tools-for-stm32.7-2018-q2-update.win32_1.4.0.202007081208/tools/bin/../lib/gcc/arm-none-eabi/7.3.1/../../../../arm-none-eabi/lib/thumb/v7-m\libc_nano.a(lib_a-errno.o)
 .ARM.attributes
                0x0000000000000000       0x2d c:/st/stm32cubeide_1.4.0/stm32cubeide/plugins/com.st.stm32cube.ide.mcu.externaltools.gnu-tools-for-stm32.7-2018-q2-update.win32_1.4.0.202007081208/tools/bin/../lib/gcc/arm-none-eabi/7.3.1/../../../../arm-none-eabi/lib/thumb/v7-m\libc_nano.a(lib_a-errno.o)
 .text          0x0000000000000000        0x0 c:/st/stm32cubeide_1.4.0/stm32cubeide/plugins/com.st.stm32cube.ide.mcu.externaltools.gnu-tools-for-stm32.7-2018-q2-update.win32_1.4.0.202007081208/tools/bin/../lib/gcc/arm-none-eabi/7.3.1/../../../../arm-none-eabi/lib/thumb/v7-m\libc_nano.a(lib_a-exit.o)
 .data          0x0000000000000000        0x0 c:/st/stm32cubeide_1.4.0/stm32cubeide/plugins/com.st.stm32cube.ide.mcu.externaltools.gnu-tools-for-stm32.7-2018-q2-update.win32_1.4.0.202007081208/tools/bin/../lib/gcc/arm-none-eabi/7.3.1/../../../../arm-none-eabi/lib/thumb/v7-m\libc_nano.a(lib_a-exit.o)
 .bss           0x0000000000000000        0x0 c:/st/stm32cubeide_1.4.0/stm32cubeide/plugins/com.st.stm32cube.ide.mcu.externaltools.gnu-tools-for-stm32.7-2018-q2-update.win32_1.4.0.202007081208/tools/bin/../lib/gcc/arm-none-eabi/7.3.1/../../../../arm-none-eabi/lib/thumb/v7-m\libc_nano.a(lib_a-exit.o)
 .text.exit     0x0000000000000000       0x28 c:/st/stm32cubeide_1.4.0/stm32cubeide/plugins/com.st.stm32cube.ide.mcu.externaltools.gnu-tools-for-stm32.7-2018-q2-update.win32_1.4.0.202007081208/tools/bin/../lib/gcc/arm-none-eabi/7.3.1/../../../../arm-none-eabi/lib/thumb/v7-m\libc_nano.a(lib_a-exit.o)
 .debug_frame   0x0000000000000000       0x28 c:/st/stm32cubeide_1.4.0/stm32cubeide/plugins/com.st.stm32cube.ide.mcu.externaltools.gnu-tools-for-stm32.7-2018-q2-update.win32_1.4.0.202007081208/tools/bin/../lib/gcc/arm-none-eabi/7.3.1/../../../../arm-none-eabi/lib/thumb/v7-m\libc_nano.a(lib_a-exit.o)
 .ARM.attributes
                0x0000000000000000       0x2d c:/st/stm32cubeide_1.4.0/stm32cubeide/plugins/com.st.stm32cube.ide.mcu.externaltools.gnu-tools-for-stm32.7-2018-q2-update.win32_1.4.0.202007081208/tools/bin/../lib/gcc/arm-none-eabi/7.3.1/../../../../arm-none-eabi/lib/thumb/v7-m\libc_nano.a(lib_a-exit.o)
 .text          0x0000000000000000        0x0 c:/st/stm32cubeide_1.4.0/stm32cubeide/plugins/com.st.stm32cube.ide.mcu.externaltools.gnu-tools-for-stm32.7-2018-q2-update.win32_1.4.0.202007081208/tools/bin/../lib/gcc/arm-none-eabi/7.3.1/../../../../arm-none-eabi/lib/thumb/v7-m\libc_nano.a(lib_a-impure.o)
 .data          0x0000000000000000        0x0 c:/st/stm32cubeide_1.4.0/stm32cubeide/plugins/com.st.stm32cube.ide.mcu.externaltools.gnu-tools-for-stm32.7-2018-q2-update.win32_1.4.0.202007081208/tools/bin/../lib/gcc/arm-none-eabi/7.3.1/../../../../arm-none-eabi/lib/thumb/v7-m\libc_nano.a(lib_a-impure.o)
 .bss           0x0000000000000000        0x0 c:/st/stm32cubeide_1.4.0/stm32cubeide/plugins/com.st.stm32cube.ide.mcu.externaltools.gnu-tools-for-stm32.7-2018-q2-update.win32_1.4.0.202007081208/tools/bin/../lib/gcc/arm-none-eabi/7.3.1/../../../../arm-none-eabi/lib/thumb/v7-m\libc_nano.a(lib_a-impure.o)
 .data._impure_ptr
                0x0000000000000000        0x4 c:/st/stm32cubeide_1.4.0/stm32cubeide/plugins/com.st.stm32cube.ide.mcu.externaltools.gnu-tools-for-stm32.7-2018-q2-update.win32_1.4.0.202007081208/tools/bin/../lib/gcc/arm-none-eabi/7.3.1/../../../../arm-none-eabi/lib/thumb/v7-m\libc_nano.a(lib_a-impure.o)
 .data.impure_data
                0x0000000000000000       0x60 c:/st/stm32cubeide_1.4.0/stm32cubeide/plugins/com.st.stm32cube.ide.mcu.externaltools.gnu-tools-for-stm32.7-2018-q2-update.win32_1.4.0.202007081208/tools/bin/../lib/gcc/arm-none-eabi/7.3.1/../../../../arm-none-eabi/lib/thumb/v7-m\libc_nano.a(lib_a-impure.o)
 .rodata._global_impure_ptr
                0x0000000000000000        0x4 c:/st/stm32cubeide_1.4.0/stm32cubeide/plugins/com.st.stm32cube.ide.mcu.externaltools.gnu-tools-for-stm32.7-2018-q2-update.win32_1.4.0.202007081208/tools/bin/../lib/gcc/arm-none-eabi/7.3.1/../../../../arm-none-eabi/lib/thumb/v7-m\libc_nano.a(lib_a-impure.o)
 .ARM.attributes
                0x0000000000000000       0x2d c:/st/stm32cubeide_1.4.0/stm32cubeide/plugins/com.st.stm32cube.ide.mcu.externaltools.gnu-tools-for-stm32.7-2018-q2-update.win32_1.4.0.202007081208/tools/bin/../lib/gcc/arm-none-eabi/7.3.1/../../../../arm-none-eabi/lib/thumb/v7-m\libc_nano.a(lib_a-impure.o)
 .text          0x0000000000000000        0x0 c:/st/stm32cubeide_1.4.0/stm32cubeide/plugins/com.st.stm32cube.ide.mcu.externaltools.gnu-tools-for-stm32.7-2018-q2-update.win32_1.4.0.202007081208/tools/bin/../lib/gcc/arm-none-eabi/7.3.1/../../../../arm-none-eabi/lib/thumb/v7-m\libc_nano.a(lib_a-init.o)
 .data          0x0000000000000000        0x0 c:/st/stm32cubeide_1.4.0/stm32cubeide/plugins/com.st.stm32cube.ide.mcu.externaltools.gnu-tools-for-stm32.7-2018-q2-update.win32_1.4.0.202007081208/tools/bin/../lib/gcc/arm-none-eabi/7.3.1/../../../../arm-none-eabi/lib/thumb/v7-m\libc_nano.a(lib_a-init.o)
 .bss           0x0000000000000000        0x0 c:/st/stm32cubeide_1.4.0/stm32cubeide/plugins/com.st.stm32cube.ide.mcu.externaltools.gnu-tools-for-stm32.7-2018-q2-update.win32_1.4.0.202007081208/tools/bin/../lib/gcc/arm-none-eabi/7.3.1/../../../../arm-none-eabi/lib/thumb/v7-m\libc_nano.a(lib_a-init.o)
 .text          0x0000000000000000        0x0 c:/st/stm32cubeide_1.4.0/stm32cubeide/plugins/com.st.stm32cube.ide.mcu.externaltools.gnu-tools-for-stm32.7-2018-q2-update.win32_1.4.0.202007081208/tools/bin/../lib/gcc/arm-none-eabi/7.3.1/../../../../arm-none-eabi/lib/thumb/v7-m\libc_nano.a(lib_a-memset.o)
 .data          0x0000000000000000        0x0 c:/st/stm32cubeide_1.4.0/stm32cubeide/plugins/com.st.stm32cube.ide.mcu.externaltools.gnu-tools-for-stm32.7-2018-q2-update.win32_1.4.0.202007081208/tools/bin/../lib/gcc/arm-none-eabi/7.3.1/../../../../arm-none-eabi/lib/thumb/v7-m\libc_nano.a(lib_a-memset.o)
 .bss           0x0000000000000000        0x0 c:/st/stm32cubeide_1.4.0/stm32cubeide/plugins/com.st.stm32cube.ide.mcu.externaltools.gnu-tools-for-stm32.7-2018-q2-update.win32_1.4.0.202007081208/tools/bin/../lib/gcc/arm-none-eabi/7.3.1/../../../../arm-none-eabi/lib/thumb/v7-m\libc_nano.a(lib_a-memset.o)
 .text.memset   0x0000000000000000       0x10 c:/st/stm32cubeide_1.4.0/stm32cubeide/plugins/com.st.stm32cube.ide.mcu.externaltools.gnu-tools-for-stm32.7-2018-q2-update.win32_1.4.0.202007081208/tools/bin/../lib/gcc/arm-none-eabi/7.3.1/../../../../arm-none-eabi/lib/thumb/v7-m\libc_nano.a(lib_a-memset.o)
 .debug_frame   0x0000000000000000       0x20 c:/st/stm32cubeide_1.4.0/stm32cubeide/plugins/com.st.stm32cube.ide.mcu.externaltools.gnu-tools-for-stm32.7-2018-q2-update.win32_1.4.0.202007081208/tools/bin/../lib/gcc/arm-none-eabi/7.3.1/../../../../arm-none-eabi/lib/thumb/v7-m\libc_nano.a(lib_a-memset.o)
 .ARM.attributes
                0x0000000000000000       0x2d c:/st/stm32cubeide_1.4.0/stm32cubeide/plugins/com.st.stm32cube.ide.mcu.externaltools.gnu-tools-for-stm32.7-2018-q2-update.win32_1.4.0.202007081208/tools/bin/../lib/gcc/arm-none-eabi/7.3.1/../../../../arm-none-eabi/lib/thumb/v7-m\libc_nano.a(lib_a-memset.o)
 .text          0x0000000000000000        0x0 c:/st/stm32cubeide_1.4.0/stm32cubeide/plugins/com.st.stm32cube.ide.mcu.externaltools.gnu-tools-for-stm32.7-2018-q2-update.win32_1.4.0.202007081208/tools/bin/../lib/gcc/arm-none-eabi/7.3.1/thumb/v7-m/crtend.o
 .data          0x0000000000000000        0x0 c:/st/stm32cubeide_1.4.0/stm32cubeide/plugins/com.st.stm32cube.ide.mcu.externaltools.gnu-tools-for-stm32.7-2018-q2-update.win32_1.4.0.202007081208/tools/bin/../lib/gcc/arm-none-eabi/7.3.1/thumb/v7-m/crtend.o
 .bss           0x0000000000000000        0x0 c:/st/stm32cubeide_1.4.0/stm32cubeide/plugins/com.st.stm32cube.ide.mcu.externaltools.gnu-tools-for-stm32.7-2018-q2-update.win32_1.4.0.202007081208/tools/bin/../lib/gcc/arm-none-eabi/7.3.1/thumb/v7-m/crtend.o
 .eh_frame      0x0000000000000000        0x4 c:/st/stm32cubeide_1.4.0/stm32cubeide/plugins/com.st.stm32cube.ide.mcu.externaltools.gnu-tools-for-stm32.7-2018-q2-update.win32_1.4.0.202007081208/tools/bin/../lib/gcc/arm-none-eabi/7.3.1/thumb/v7-m/crtend.o
 .ARM.attributes
                0x0000000000000000       0x2d c:/st/stm32cubeide_1.4.0/stm32cubeide/plugins/com.st.stm32cube.ide.mcu.externaltools.gnu-tools-for-stm32.7-2018-q2-update.win32_1.4.0.202007081208/tools/bin/../lib/gcc/arm-none-eabi/7.3.1/thumb/v7-m/crtend.o
 .text          0x0000000000000000        0x0 c:/st/stm32cubeide_1.4.0/stm32cubeide/plugins/com.st.stm32cube.ide.mcu.externaltools.gnu-tools-for-stm32.7-2018-q2-update.win32_1.4.0.202007081208/tools/bin/../lib/gcc/arm-none-eabi/7.3.1/thumb/v7-m/crtn.o
 .data          0x0000000000000000        0x0 c:/st/stm32cubeide_1.4.0/stm32cubeide/plugins/com.st.stm32cube.ide.mcu.externaltools.gnu-tools-for-stm32.7-2018-q2-update.win32_1.4.0.202007081208/tools/bin/../lib/gcc/arm-none-eabi/7.3.1/thumb/v7-m/crtn.o
 .bss           0x0000000000000000        0x0 c:/st/stm32cubeide_1.4.0/stm32cubeide/plugins/com.st.stm32cube.ide.mcu.externaltools.gnu-tools-for-stm32.7-2018-q2-update.win32_1.4.0.202007081208/tools/bin/../lib/gcc/arm-none-eabi/7.3.1/thumb/v7-m/crtn.o

Memory Configuration

Name             Origin             Length             Attributes
RAM              0x0000000020000000 0x0000000000002800 xrw
ROM              0x0000000008000000 0x0000000000008000 xr
*default*        0x0000000000000000 0xffffffffffffffff

Linker script and memory map

LOAD c:/st/stm32cubeide_1.4.0/stm32cubeide/plugins/com.st.stm32cube.ide.mcu.externaltools.gnu-tools-for-stm32.7-2018-q2-update.win32_1.4.0.202007081208/tools/bin/../lib/gcc/arm-none-eabi/7.3.1/thumb/v7-m/crti.o
LOAD c:/st/stm32cubeide_1.4.0/stm32cubeide/plugins/com.st.stm32cube.ide.mcu.externaltools.gnu-tools-for-stm32.7-2018-q2-update.win32_1.4.0.202007081208/tools/bin/../lib/gcc/arm-none-eabi/7.3.1/thumb/v7-m/crtbegin.o
LOAD c:/st/stm32cubeide_1.4.0/stm32cubeide/plugins/com.st.stm32cube.ide.mcu.externaltools.gnu-tools-for-stm32.7-2018-q2-update.win32_1.4.0.202007081208/tools/bin/../lib/gcc/arm-none-eabi/7.3.1/../../../../arm-none-eabi/lib/thumb/v7-m/crt0.o
LOAD Src/main.o
LOAD Src/syscalls.o
LOAD Src/sysmem.o
LOAD Startup/startup_stm32f103c6tx.o
LOAD Stm32f103c6_drivers/HAL/KPD.o
LOAD Stm32f103c6_drivers/HAL/LCD.o
LOAD Stm32f103c6_drivers/MCAL/GPIO.o
START GROUP
LOAD c:/st/stm32cubeide_1.4.0/stm32cubeide/plugins/com.st.stm32cube.ide.mcu.externaltools.gnu-tools-for-stm32.7-2018-q2-update.win32_1.4.0.202007081208/tools/bin/../lib/gcc/arm-none-eabi/7.3.1/../../../../arm-none-eabi/lib/thumb/v7-m\libc_nano.a
LOAD c:/st/stm32cubeide_1.4.0/stm32cubeide/plugins/com.st.stm32cube.ide.mcu.externaltools.gnu-tools-for-stm32.7-2018-q2-update.win32_1.4.0.202007081208/tools/bin/../lib/gcc/arm-none-eabi/7.3.1/../../../../arm-none-eabi/lib/thumb/v7-m\libm.a
END GROUP
START GROUP
LOAD c:/st/stm32cubeide_1.4.0/stm32cubeide/plugins/com.st.stm32cube.ide.mcu.externaltools.gnu-tools-for-stm32.7-2018-q2-update.win32_1.4.0.202007081208/tools/bin/../lib/gcc/arm-none-eabi/7.3.1/thumb/v7-m\libgcc.a
LOAD c:/st/stm32cubeide_1.4.0/stm32cubeide/plugins/com.st.stm32cube.ide.mcu.externaltools.gnu-tools-for-stm32.7-2018-q2-update.win32_1.4.0.202007081208/tools/bin/../lib/gcc/arm-none-eabi/7.3.1/../../../../arm-none-eabi/lib/thumb/v7-m\libg_nano.a
LOAD c:/st/stm32cubeide_1.4.0/stm32cubeide/plugins/com.st.stm32cube.ide.mcu.externaltools.gnu-tools-for-stm32.7-2018-q2-update.win32_1.4.0.202007081208/tools/bin/../lib/gcc/arm-none-eabi/7.3.1/../../../../arm-none-eabi/lib/thumb/v7-m\libc_nano.a
END GROUP
START GROUP
LOAD c:/st/stm32cubeide_1.4.0/stm32cubeide/plugins/com.st.stm32cube.ide.mcu.externaltools.gnu-tools-for-stm32.7-2018-q2-update.win32_1.4.0.202007081208/tools/bin/../lib/gcc/arm-none-eabi/7.3.1/thumb/v7-m\libgcc.a
LOAD c:/st/stm32cubeide_1.4.0/stm32cubeide/plugins/com.st.stm32cube.ide.mcu.externaltools.gnu-tools-for-stm32.7-2018-q2-update.win32_1.4.0.202007081208/tools/bin/../lib/gcc/arm-none-eabi/7.3.1/../../../../arm-none-eabi/lib/thumb/v7-m\libc_nano.a
LOAD c:/st/stm32cubeide_1.4.0/stm32cubeide/plugins/com.st.stm32cube.ide.mcu.externaltools.gnu-tools-for-stm32.7-2018-q2-update.win32_1.4.0.202007081208/tools/bin/../lib/gcc/arm-none-eabi/7.3.1/../../../../arm-none-eabi/lib/thumb/v7-m\libnosys.a
END GROUP
START GROUP
LOAD c:/st/stm32cubeide_1.4.0/stm32cubeide/plugins/com.st.stm32cube.ide.mcu.externaltools.gnu-tools-for-stm32.7-2018-q2-update.win32_1.4.0.202007081208/tools/bin/../lib/gcc/arm-none-eabi/7.3.1/thumb/v7-m\libgcc.a
LOAD c:/st/stm32cubeide_1.4.0/stm32cubeide/plugins/com.st.stm32cube.ide.mcu.externaltools.gnu-tools-for-stm32.7-2018-q2-update.win32_1.4.0.202007081208/tools/bin/../lib/gcc/arm-none-eabi/7.3.1/../../../../arm-none-eabi/lib/thumb/v7-m\libc_nano.a
LOAD c:/st/stm32cubeide_1.4.0/stm32cubeide/plugins/com.st.stm32cube.ide.mcu.externaltools.gnu-tools-for-stm32.7-2018-q2-update.win32_1.4.0.202007081208/tools/bin/../lib/gcc/arm-none-eabi/7.3.1/../../../../arm-none-eabi/lib/thumb/v7-m\libnosys.a
END GROUP
LOAD c:/st/stm32cubeide_1.4.0/stm32cubeide/plugins/com.st.stm32cube.ide.mcu.externaltools.gnu-tools-for-stm32.7-2018-q2-update.win32_1.4.0.202007081208/tools/bin/../lib/gcc/arm-none-eabi/7.3.1/thumb/v7-m/crtend.o
LOAD c:/st/stm32cubeide_1.4.0/stm32cubeide/plugins/com.st.stm32cube.ide.mcu.externaltools.gnu-tools-for-stm32.7-2018-q2-update.win32_1.4.0.202007081208/tools/bin/../lib/gcc/arm-none-eabi/7.3.1/thumb/v7-m/crtn.o
                0x0000000020002800                _estack = (ORIGIN (RAM) + LENGTH (RAM))
                0x0000000000000200                _Min_Heap_Size = 0x200
                0x0000000000000400                _Min_Stack_Size = 0x400

.isr_vector     0x0000000008000000      0x130
                0x0000000008000000                . = ALIGN (0x4)
 *(.isr_vector)
 .isr_vector    0x0000000008000000      0x130 Startup/startup_stm32f103c6tx.o
                0x0000000008000000                g_pfnVectors
                0x0000000008000130                . = ALIGN (0x4)

.text           0x0000000008000130      0x7a4
                0x0000000008000130                . = ALIGN (0x4)
 *(.text)
 .text          0x0000000008000130       0x40 c:/st/stm32cubeide_1.4.0/stm32cubeide/plugins/com.st.stm32cube.ide.mcu.externaltools.gnu-tools-for-stm32.7-2018-q2-update.win32_1.4.0.202007081208/tools/bin/../lib/gcc/arm-none-eabi/7.3.1/thumb/v7-m/crtbegin.o
 *(.text*)
 .text.Clock_Init
                0x0000000008000170       0x28 Src/main.o
                0x0000000008000170                Clock_Init
 .text.main     0x0000000008000198       0x30 Src/main.o
                0x0000000008000198                main
 .text.Reset_Handler
                0x00000000080001c8       0x50 Startup/startup_stm32f103c6tx.o
                0x00000000080001c8                Reset_Handler
 .text.Default_Handler
                0x0000000008000218        0x2 Startup/startup_stm32f103c6tx.o
                0x0000000008000218                EXTI2_IRQHandler
                0x0000000008000218                TIM8_TRG_COM_IRQHandler
                0x0000000008000218                TIM8_CC_IRQHandler
                0x0000000008000218                DebugMon_Handler
                0x0000000008000218                TIM1_CC_IRQHandler
                0x0000000008000218                HardFault_Handler
                0x0000000008000218                TIM6_IRQHandler
                0x0000000008000218                SysTick_Handler
                0x0000000008000218                PVD_IRQHandler
                0x0000000008000218                SDIO_IRQHandler
                0x0000000008000218                PendSV_Handler
                0x0000000008000218                NMI_Handler
                0x0000000008000218                EXTI3_IRQHandler
                0x0000000008000218                USB_HP_CAN_TX_IRQHandler
                0x0000000008000218                EXTI0_IRQHandler
                0x0000000008000218                I2C2_EV_IRQHandler
                0x0000000008000218                UsageFault_Handler
                0x0000000008000218                ADC1_2_IRQHandler
                0x0000000008000218                SPI1_IRQHandler
                0x0000000008000218                CAN_SCE_IRQHandler
                0x0000000008000218                TAMPER_IRQHandler
                0x0000000008000218                TIM8_UP_IRQHandler
                0x0000000008000218                DMA2_Channel2_IRQHandler
                0x0000000008000218                DMA1_Channel4_IRQHandler
                0x0000000008000218                USART3_IRQHandler
                0x0000000008000218                RTC_IRQHandler
                0x0000000008000218                DMA1_Channel7_IRQHandler
                0x0000000008000218                UART5_IRQHandler
                0x0000000008000218                ADC3_IRQHandler
                0x0000000008000218                TIM4_IRQHandler
                0x0000000008000218                CAN_RX1_IRQHandler
                0x0000000008000218                DMA2_Channel1_IRQHandler
                0x0000000008000218                I2C1_EV_IRQHandler
                0x0000000008000218                DMA1_Channel6_IRQHandler
                0x0000000008000218                UART4_IRQHandler
                0x0000000008000218                TIM3_IRQHandler
                0x0000000008000218                RCC_IRQHandler
                0x0000000008000218                TIM1_TRG_COM_IRQHandler
                0x0000000008000218                DMA1_Channel1_IRQHandler
                0x0000000008000218                Default_Handler
                0x0000000008000218                EXTI15_10_IRQHandler
                0x0000000008000218                TIM7_IRQHandler
                0x0000000008000218                TIM5_IRQHandler
                0x0000000008000218                EXTI9_5_IRQHandler
                0x0000000008000218                SPI2_IRQHandler
                0x0000000008000218                USB_LP_CAN_RX0_IRQHandler
                0x0000000008000218                MemManage_Handler
                0x0000000008000218                SVC_Handler
                0x0000000008000218                DMA1_Channel5_IRQHandler
                0x0000000008000218                EXTI4_IRQHandler
                0x0000000008000218                DMA1_Channel3_IRQHandler
                0x0000000008000218                FSMC_IRQHandler
                0x0000000008000218                TIM1_UP_IRQHandler
                0x0000000008000218                WWDG_IRQHandler
                0x0000000008000218                TIM2_IRQHandler
                0x0000000008000218                TIM1_BRK_IRQHandler
                0x0000000008000218                EXTI1_IRQHandler
                0x0000000008000218                RTCAlarm_IRQHandler
                0x0000000008000218                DMA2_Channel4_5_IRQHandler
                0x0000000008000218                USART2_IRQHandler
                0x0000000008000218                I2C2_ER_IRQHandler
                0x0000000008000218                DMA1_Channel2_IRQHandler
                0x0000000008000218                TIM8_BRK_IRQHandler
                0x0000000008000218                FLASH_IRQHandler
                0x0000000008000218                BusFault_Handler
                0x0000000008000218                USART1_IRQHandler
                0x0000000008000218                SPI3_IRQHandler
                0x0000000008000218                I2C1_ER_IRQHandler
                0x0000000008000218                DMA2_Channel3_IRQHandler
 *fill*         0x000000000800021a        0x2 
 .text.Keypad_init
                0x000000000800021c       0x74 Stm32f103c6_drivers/HAL/KPD.o
                0x000000000800021c                Keypad_init
 .text.Keypad_getkey
                0x0000000008000290       0xe0 Stm32f103c6_drivers/HAL/KPD.o
                0x0000000008000290                Keypad_getkey
 .text._delay_ms
                0x0000000008000370       0x38 Stm32f103c6_drivers/HAL/LCD.o
                0x0000000008000370                _delay_ms
 .text.LCD_voidSendCMD
                0x00000000080003a8      0x100 Stm32f103c6_drivers/HAL/LCD.o
                0x00000000080003a8                LCD_voidSendCMD
 .text.LCD_voidWriteChar
                0x00000000080004a8      0x100 Stm32f103c6_drivers/HAL/LCD.o
                0x00000000080004a8                LCD_voidWriteChar
 .text.LCD_voidLCDInit
                0x00000000080005a8       0xd0 Stm32f103c6_drivers/HAL/LCD.o
                0x00000000080005a8                LCD_voidLCDInit
 .text.Get_CRLH_Position
                0x0000000008000678       0xc4 Stm32f103c6_drivers/MCAL/GPIO.o
                0x0000000008000678                Get_CRLH_Position
 .text.MCAL_GPIO_init
                0x000000000800073c       0xe2 Stm32f103c6_drivers/MCAL/GPIO.o
                0x000000000800073c                MCAL_GPIO_init
 .text.MCAL_GPIO_ReadPin
                0x000000000800081e       0x28 Stm32f103c6_drivers/MCAL/GPIO.o
                0x000000000800081e                MCAL_GPIO_ReadPin
 .text.MCAL_GPIO_WritePin
                0x0000000008000846       0x2e Stm32f103c6_drivers/MCAL/GPIO.o
                0x0000000008000846                MCAL_GPIO_WritePin
 .text.__libc_init_array
                0x0000000008000874       0x48 c:/st/stm32cubeide_1.4.0/stm32cubeide/plugins/com.st.stm32cube.ide.mcu.externaltools.gnu-tools-for-stm32.7-2018-q2-update.win32_1.4.0.202007081208/tools/bin/../lib/gcc/arm-none-eabi/7.3.1/../../../../arm-none-eabi/lib/thumb/v7-m\libc_nano.a(lib_a-init.o)
                0x0000000008000874                __libc_init_array
 *(.glue_7)
 .glue_7        0x00000000080008bc        0x0 linker stubs
 *(.glue_7t)
 .glue_7t       0x00000000080008bc        0x0 linker stubs
 *(.eh_frame)
 .eh_frame      0x00000000080008bc        0x0 c:/st/stm32cubeide_1.4.0/stm32cubeide/plugins/com.st.stm32cube.ide.mcu.externaltools.gnu-tools-for-stm32.7-2018-q2-update.win32_1.4.0.202007081208/tools/bin/../lib/gcc/arm-none-eabi/7.3.1/thumb/v7-m/crtbegin.o
 *(.init)
 .init          0x00000000080008bc        0x4 c:/st/stm32cubeide_1.4.0/stm32cubeide/plugins/com.st.stm32cube.ide.mcu.externaltools.gnu-tools-for-stm32.7-2018-q2-update.win32_1.4.0.202007081208/tools/bin/../lib/gcc/arm-none-eabi/7.3.1/thumb/v7-m/crti.o
                0x00000000080008bc                _init
 .init          0x00000000080008c0        0x8 c:/st/stm32cubeide_1.4.0/stm32cubeide/plugins/com.st.stm32cube.ide.mcu.externaltools.gnu-tools-for-stm32.7-2018-q2-update.win32_1.4.0.202007081208/tools/bin/../lib/gcc/arm-none-eabi/7.3.1/thumb/v7-m/crtn.o
 *(.fini)
 .fini          0x00000000080008c8        0x4 c:/st/stm32cubeide_1.4.0/stm32cubeide/plugins/com.st.stm32cube.ide.mcu.externaltools.gnu-tools-for-stm32.7-2018-q2-update.win32_1.4.0.202007081208/tools/bin/../lib/gcc/arm-none-eabi/7.3.1/thumb/v7-m/crti.o
                0x00000000080008c8                _fini
 .fini          0x00000000080008cc        0x8 c:/st/stm32cubeide_1.4.0/stm32cubeide/plugins/com.st.stm32cube.ide.mcu.externaltools.gnu-tools-for-stm32.7-2018-q2-update.win32_1.4.0.202007081208/tools/bin/../lib/gcc/arm-none-eabi/7.3.1/thumb/v7-m/crtn.o
                0x00000000080008d4                . = ALIGN (0x4)
                0x00000000080008d4                _etext = .

.vfp11_veneer   0x00000000080008d4        0x0
 .vfp11_veneer  0x00000000080008d4        0x0 linker stubs

.v4_bx          0x00000000080008d4        0x0
 .v4_bx         0x00000000080008d4        0x0 linker stubs

.iplt           0x00000000080008d4        0x0
 .iplt          0x00000000080008d4        0x0 c:/st/stm32cubeide_1.4.0/stm32cubeide/plugins/com.st.stm32cube.ide.mcu.externaltools.gnu-tools-for-stm32.7-2018-q2-update.win32_1.4.0.202007081208/tools/bin/../lib/gcc/arm-none-eabi/7.3.1/thumb/v7-m/crtbegin.o

.rel.dyn        0x00000000080008d4        0x0
 .rel.iplt      0x00000000080008d4        0x0 c:/st/stm32cubeide_1.4.0/stm32cubeide/plugins/com.st.stm32cube.ide.mcu.externaltools.gnu-tools-for-stm32.7-2018-q2-update.win32_1.4.0.202007081208/tools/bin/../lib/gcc/arm-none-eabi/7.3.1/thumb/v7-m/crtbegin.o

.rodata         0x00000000080008d4        0x0
                0x00000000080008d4                . = ALIGN (0x4)
 *(.rodata)
 *(.rodata*)
                0x00000000080008d4                . = ALIGN (0x4)

.ARM.extab      0x00000000080008d4        0x0
                0x00000000080008d4                . = ALIGN (0x4)
 *(.ARM.extab* .gnu.linkonce.armextab.*)
                0x00000000080008d4                . = ALIGN (0x4)

.ARM            0x00000000080008d4        0x0
                0x00000000080008d4                . = ALIGN (0x4)
                0x00000000080008d4                __exidx_start = .
 *(.ARM.exidx*)
                0x00000000080008d4                __exidx_end = .
                0x00000000080008d4                . = ALIGN (0x4)

.preinit_array  0x00000000080008d4        0x0
                0x00000000080008d4                . = ALIGN (0x4)
                0x00000000080008d4                PROVIDE (__preinit_array_start = .)
 *(.preinit_array*)
                0x00000000080008d4                PROVIDE (__preinit_array_end = .)
                0x00000000080008d4                . = ALIGN (0x4)

.init_array     0x00000000080008d4        0x4
                0x00000000080008d4                . = ALIGN (0x4)
                0x00000000080008d4                PROVIDE (__init_array_start = .)
 *(SORT_BY_NAME(.init_array.*))
 *(.init_array*)
 .init_array    0x00000000080008d4        0x4 c:/st/stm32cubeide_1.4.0/stm32cubeide/plugins/com.st.stm32cube.ide.mcu.externaltools.gnu-tools-for-stm32.7-2018-q2-update.win32_1.4.0.202007081208/tools/bin/../lib/gcc/arm-none-eabi/7.3.1/thumb/v7-m/crtbegin.o
                0x00000000080008d8                PROVIDE (__init_array_end = .)
                0x00000000080008d8                . = ALIGN (0x4)

.fini_array     0x00000000080008d8        0x4
                0x00000000080008d8                . = ALIGN (0x4)
                [!provide]                        PROVIDE (__fini_array_start = .)
 *(SORT_BY_NAME(.fini_array.*))
 *(.fini_array*)
 .fini_array    0x00000000080008d8        0x4 c:/st/stm32cubeide_1.4.0/stm32cubeide/plugins/com.st.stm32cube.ide.mcu.externaltools.gnu-tools-for-stm32.7-2018-q2-update.win32_1.4.0.202007081208/tools/bin/../lib/gcc/arm-none-eabi/7.3.1/thumb/v7-m/crtbegin.o
                [!provide]                        PROVIDE (__fini_array_end = .)
                0x00000000080008dc                . = ALIGN (0x4)
                0x00000000080008dc                _sidata = LOADADDR (.data)

.data           0x0000000020000000       0x28 load address 0x00000000080008dc
                0x0000000020000000                . = ALIGN (0x4)
                0x0000000020000000                _sdata = .
 *(.data)
 *(.data*)
 .data.KEY_ROWS
                0x0000000020000000        0x4 Stm32f103c6_drivers/HAL/KPD.o
                0x0000000020000000                KEY_ROWS
 .data.KEY_COLS
                0x0000000020000004        0x4 Stm32f103c6_drivers/HAL/KPD.o
                0x0000000020000004                KEY_COLS
 .data.arr      0x0000000020000008       0x10 Stm32f103c6_drivers/HAL/KPD.o
                0x0000000020000008                arr
 .data.LCD_DATA_PIN
                0x0000000020000018       0x10 Stm32f103c6_drivers/HAL/LCD.o
                0x0000000020000018                LCD_DATA_PIN
                0x0000000020000028                . = ALIGN (0x4)
                0x0000000020000028                _edata = .

.igot.plt       0x0000000020000028        0x0 load address 0x0000000008000904
 .igot.plt      0x0000000020000028        0x0 c:/st/stm32cubeide_1.4.0/stm32cubeide/plugins/com.st.stm32cube.ide.mcu.externaltools.gnu-tools-for-stm32.7-2018-q2-update.win32_1.4.0.202007081208/tools/bin/../lib/gcc/arm-none-eabi/7.3.1/thumb/v7-m/crtbegin.o
                0x0000000020000028                . = ALIGN (0x4)

.bss            0x0000000020000028       0x20 load address 0x0000000008000904
                0x0000000020000028                _sbss = .
                0x0000000020000028                __bss_start__ = _sbss
 *(.bss)
 .bss           0x0000000020000028       0x1c c:/st/stm32cubeide_1.4.0/stm32cubeide/plugins/com.st.stm32cube.ide.mcu.externaltools.gnu-tools-for-stm32.7-2018-q2-update.win32_1.4.0.202007081208/tools/bin/../lib/gcc/arm-none-eabi/7.3.1/thumb/v7-m/crtbegin.o
 *(.bss*)
 *(COMMON)
 COMMON         0x0000000020000044        0x4 Stm32f103c6_drivers/HAL/LCD.o
                0x0000000020000044                PinCfg
                0x0000000020000048                . = ALIGN (0x4)
                0x0000000020000048                _ebss = .
                0x0000000020000048                __bss_end__ = _ebss

._user_heap_stack
                0x0000000020000048      0x600 load address 0x0000000008000904
                0x0000000020000048                . = ALIGN (0x8)
                [!provide]                        PROVIDE (end = .)
                0x0000000020000048                PROVIDE (_end = .)
                0x0000000020000248                . = (. + _Min_Heap_Size)
 *fill*         0x0000000020000048      0x200 
                0x0000000020000648                . = (. + _Min_Stack_Size)
 *fill*         0x0000000020000248      0x400 
                0x0000000020000648                . = ALIGN (0x8)

/DISCARD/
 libc.a(*)
 libm.a(*)
 libgcc.a(*)

.ARM.attributes
                0x0000000000000000       0x29
 *(.ARM.attributes)
 .ARM.attributes
                0x0000000000000000       0x1d c:/st/stm32cubeide_1.4.0/stm32cubeide/plugins/com.st.stm32cube.ide.mcu.externaltools.gnu-tools-for-stm32.7-2018-q2-update.win32_1.4.0.202007081208/tools/bin/../lib/gcc/arm-none-eabi/7.3.1/thumb/v7-m/crti.o
 .ARM.attributes
                0x000000000000001d       0x2d c:/st/stm32cubeide_1.4.0/stm32cubeide/plugins/com.st.stm32cube.ide.mcu.externaltools.gnu-tools-for-stm32.7-2018-q2-update.win32_1.4.0.202007081208/tools/bin/../lib/gcc/arm-none-eabi/7.3.1/thumb/v7-m/crtbegin.o
 .ARM.attributes
                0x000000000000004a       0x33 Src/main.o
 .ARM.attributes
                0x000000000000007d       0x21 Startup/startup_stm32f103c6tx.o
 .ARM.attributes
                0x000000000000009e       0x33 Stm32f103c6_drivers/HAL/KPD.o
 .ARM.attributes
                0x00000000000000d1       0x33 Stm32f103c6_drivers/HAL/LCD.o
 .ARM.attributes
                0x0000000000000104       0x33 Stm32f103c6_drivers/MCAL/GPIO.o
 .ARM.attributes
                0x0000000000000137       0x2d c:/st/stm32cubeide_1.4.0/stm32cubeide/plugins/com.st.stm32cube.ide.mcu.externaltools.gnu-tools-for-stm32.7-2018-q2-update.win32_1.4.0.202007081208/tools/bin/../lib/gcc/arm-none-eabi/7.3.1/../../../../arm-none-eabi/lib/thumb/v7-m\libc_nano.a(lib_a-init.o)
 .ARM.attributes
                0x0000000000000164       0x1d c:/st/stm32cubeide_1.4.0/stm32cubeide/plugins/com.st.stm32cube.ide.mcu.externaltools.gnu-tools-for-stm32.7-2018-q2-update.win32_1.4.0.202007081208/tools/bin/../lib/gcc/arm-none-eabi/7.3.1/thumb/v7-m/crtn.o
OUTPUT(Driverrrrrrrrrrrrrrrrrr.elf elf32-littlearm)

.debug_info     0x0000000000000000     0x315a
 .debug_info    0x0000000000000000      0xab6 Src/main.o
 .debug_info    0x0000000000000ab6       0x22 Startup/startup_stm32f103c6tx.o
 .debug_info    0x0000000000000ad8      0xb7f Stm32f103c6_drivers/HAL/KPD.o
 .debug_info    0x0000000000001657      0xd28 Stm32f103c6_drivers/HAL/LCD.o
 .debug_info    0x000000000000237f      0xddb Stm32f103c6_drivers/MCAL/GPIO.o

.debug_abbrev   0x0000000000000000      0x7b9
 .debug_abbrev  0x0000000000000000      0x1a0 Src/main.o
 .debug_abbrev  0x00000000000001a0       0x12 Startup/startup_stm32f103c6tx.o
 .debug_abbrev  0x00000000000001b2      0x1de Stm32f103c6_drivers/HAL/KPD.o
 .debug_abbrev  0x0000000000000390      0x217 Stm32f103c6_drivers/HAL/LCD.o
 .debug_abbrev  0x00000000000005a7      0x212 Stm32f103c6_drivers/MCAL/GPIO.o

.debug_loc      0x0000000000000000      0x7b0
 .debug_loc     0x0000000000000000       0x7c Src/main.o
 .debug_loc     0x000000000000007c       0xa0 Stm32f103c6_drivers/HAL/KPD.o
 .debug_loc     0x000000000000011c      0x308 Stm32f103c6_drivers/HAL/LCD.o
 .debug_loc     0x0000000000000424      0x38c Stm32f103c6_drivers/MCAL/GPIO.o

.debug_aranges  0x0000000000000000      0x148
 .debug_aranges
                0x0000000000000000       0x28 Src/main.o
 .debug_aranges
                0x0000000000000028       0x28 Startup/startup_stm32f103c6tx.o
 .debug_aranges
                0x0000000000000050       0x28 Stm32f103c6_drivers/HAL/KPD.o
 .debug_aranges
                0x0000000000000078       0x68 Stm32f103c6_drivers/HAL/LCD.o
 .debug_aranges
                0x00000000000000e0       0x68 Stm32f103c6_drivers/MCAL/GPIO.o

.debug_ranges   0x0000000000000000      0x100
 .debug_ranges  0x0000000000000000       0x18 Src/main.o
 .debug_ranges  0x0000000000000018       0x20 Startup/startup_stm32f103c6tx.o
 .debug_ranges  0x0000000000000038       0x18 Stm32f103c6_drivers/HAL/KPD.o
 .debug_ranges  0x0000000000000050       0x58 Stm32f103c6_drivers/HAL/LCD.o
 .debug_ranges  0x00000000000000a8       0x58 Stm32f103c6_drivers/MCAL/GPIO.o

.debug_macro    0x0000000000000000     0x211d
 .debug_macro   0x0000000000000000      0x157 Src/main.o
 .debug_macro   0x0000000000000157      0xa60 Src/main.o
 .debug_macro   0x0000000000000bb7       0x18 Src/main.o
 .debug_macro   0x0000000000000bcf       0x22 Src/main.o
 .debug_macro   0x0000000000000bf1       0x40 Src/main.o
 .debug_macro   0x0000000000000c31       0x94 Src/main.o
 .debug_macro   0x0000000000000cc5       0x3c Src/main.o
 .debug_macro   0x0000000000000d01       0x34 Src/main.o
 .debug_macro   0x0000000000000d35       0x16 Src/main.o
 .debug_macro   0x0000000000000d4b      0x10e Src/main.o
 .debug_macro   0x0000000000000e59       0x8d Src/main.o
 .debug_macro   0x0000000000000ee6       0x57 Src/main.o
 .debug_macro   0x0000000000000f3d       0x52 Src/main.o
 .debug_macro   0x0000000000000f8f       0x1f Src/main.o
 .debug_macro   0x0000000000000fae       0x43 Src/main.o
 .debug_macro   0x0000000000000ff1       0x20 Src/main.o
 .debug_macro   0x0000000000001011      0x1a3 Src/main.o
 .debug_macro   0x00000000000011b4      0x330 Src/main.o
 .debug_macro   0x00000000000014e4       0x16 Src/main.o
 .debug_macro   0x00000000000014fa       0x29 Src/main.o
 .debug_macro   0x0000000000001523       0xef Src/main.o
 .debug_macro   0x0000000000001612       0x6a Src/main.o
 .debug_macro   0x000000000000167c      0x1df Src/main.o
 .debug_macro   0x000000000000185b       0xcd Src/main.o
 .debug_macro   0x0000000000001928       0xd0 Src/main.o
 .debug_macro   0x00000000000019f8       0xdc Src/main.o
 .debug_macro   0x0000000000001ad4       0x40 Src/main.o
 .debug_macro   0x0000000000001b14      0x14e Stm32f103c6_drivers/HAL/KPD.o
 .debug_macro   0x0000000000001c62       0x3a Stm32f103c6_drivers/HAL/KPD.o
 .debug_macro   0x0000000000001c9c      0x14e Stm32f103c6_drivers/HAL/LCD.o
 .debug_macro   0x0000000000001dea      0x152 Stm32f103c6_drivers/MCAL/GPIO.o
 .debug_macro   0x0000000000001f3c      0x1e1 Stm32f103c6_drivers/MCAL/GPIO.o

.debug_line     0x0000000000000000     0x1997
 .debug_line    0x0000000000000000      0x591 Src/main.o
 .debug_line    0x0000000000000591       0x84 Startup/startup_stm32f103c6tx.o
 .debug_line    0x0000000000000615      0x5ee Stm32f103c6_drivers/HAL/KPD.o
 .debug_line    0x0000000000000c03      0x718 Stm32f103c6_drivers/HAL/LCD.o
 .debug_line    0x000000000000131b      0x67c Stm32f103c6_drivers/MCAL/GPIO.o

.debug_str      0x0000000000000000     0x852e
 .debug_str     0x0000000000000000     0x7991 Src/main.o
                                       0x7be9 (size before relaxing)
 .debug_str     0x0000000000007991       0x31 Startup/startup_stm32f103c6tx.o
                                         0x97 (size before relaxing)
 .debug_str     0x00000000000079c2       0xcf Stm32f103c6_drivers/HAL/KPD.o
                                       0x78d5 (size before relaxing)
 .debug_str     0x0000000000007a91      0x122 Stm32f103c6_drivers/HAL/LCD.o
                                       0x7c91 (size before relaxing)
 .debug_str     0x0000000000007bb3      0x97b Stm32f103c6_drivers/MCAL/GPIO.o
                                       0x8216 (size before relaxing)

.comment        0x0000000000000000       0x7b
 .comment       0x0000000000000000       0x7b Src/main.o
                                         0x7c (size before relaxing)
 .comment       0x000000000000007b       0x7c Stm32f103c6_drivers/HAL/KPD.o
 .comment       0x000000000000007b       0x7c Stm32f103c6_drivers/HAL/LCD.o
 .comment       0x000000000000007b       0x7c Stm32f103c6_drivers/MCAL/GPIO.o

.debug_frame    0x0000000000000000      0x3e8
 .debug_frame   0x0000000000000000       0x50 Src/main.o
 .debug_frame   0x0000000000000050       0x58 Stm32f103c6_drivers/HAL/KPD.o
 .debug_frame   0x00000000000000a8      0x174 Stm32f103c6_drivers/HAL/LCD.o
 .debug_frame   0x000000000000021c      0x1a0 Stm32f103c6_drivers/MCAL/GPIO.o
 .debug_frame   0x00000000000003bc       0x2c c:/st/stm32cubeide_1.4.0/stm32cubeide/plugins/com.st.stm32cube.ide.mcu.externaltools.gnu-tools-for-stm32.7-2018-q2-update.win32_1.4.0.202007081208/tools/bin/../lib/gcc/arm-none-eabi/7.3.1/../../../../arm-none-eabi/lib/thumb/v7-m\libc_nano.a(lib_a-init.o)
